// Jest Snapshot v1, https://goo.gl/fbAQLP

exports[`Корзина - исходное состояние 1`] = `"Исходное состояние"`;

exports[`Корзина - обработка ADD_TO_BASKET 1`] = `"Добавление товара в корзину"`;

exports[`Корзина - обработка BASKET_CLEAR 1`] = `"Чистка корзины"`;

exports[`Корзина - обработка REMOVE_FROM_BASKET 1`] = `"Удаление товара из корзины"`;

exports[`Корзина - обработка SORT_BASKET 1`] = `"Сортировка корзины в зависимости от перемещенных элементов"`;
