// Jest Snapshot v1, https://goo.gl/fbAQLP

exports[`Каталог товаров - исходное состояние 1`] = `"Исходное состояние"`;

exports[`Каталог товаров - обработка CHANGE_ACTIVE_TAB 1`] = `"Замена вкладки категории в каталоге"`;

exports[`Каталог товаров - обработка GET_ITEMS_FAILED 1`] = `"Ошибка загрузки товаров"`;

exports[`Каталог товаров - обработка GET_ITEMS_REQUEST 1`] = `"Запрос каталога"`;

exports[`Каталог товаров - обработка GET_ITEMS_SUCCESS 1`] = `"Получение товаров"`;
