// Jest Snapshot v1, https://goo.gl/fbAQLP

exports[`Оформление заказа - исходное состояние 1`] = `"Исходное состояние"`;

exports[`Оформление заказа - обработка CHECKOUT_FAILED 1`] = `"Ошибка отправки заказа"`;

exports[`Оформление заказа - обработка CHECKOUT_REQUEST 1`] = `"Запрос на отправку заказа"`;

exports[`Оформление заказа - обработка CHECKOUT_SUCCESS 1`] = `"Отправка заказа"`;
