// Jest Snapshot v1, https://goo.gl/fbAQLP

exports[`Работа с пользователем - исходное состояние 1`] = `"Исходное состояние"`;

exports[`Работа с пользователем - обработка GET_FORGOT_FAILED 1`] = `"Забыли пароль ошибка"`;

exports[`Работа с пользователем - обработка GET_FORGOT_REQUEST 1`] = `"Забыли пароль запрос"`;

exports[`Работа с пользователем - обработка GET_FORGOT_SUCCESS 1`] = `"Забыли пароль успешно"`;

exports[`Работа с пользователем - обработка GET_LOGIN_FAILED 1`] = `"Авторизация ошибка"`;

exports[`Работа с пользователем - обработка GET_LOGIN_REQUEST 1`] = `"Авторизация запрос"`;

exports[`Работа с пользователем - обработка GET_LOGIN_SUCCESS 1`] = `"Авторизация завершена"`;

exports[`Работа с пользователем - обработка GET_LOGOUT_FAILED 1`] = `"Выход ошибка"`;

exports[`Работа с пользователем - обработка GET_LOGOUT_REQUEST 1`] = `"Выход запрос"`;

exports[`Работа с пользователем - обработка GET_LOGOUT_SUCCESS 1`] = `"Выход успешно"`;

exports[`Работа с пользователем - обработка GET_REGISTER_FAILED 1`] = `"Регистрация ошибка"`;

exports[`Работа с пользователем - обработка GET_REGISTER_REQUEST 1`] = `"Регистрация запрос"`;

exports[`Работа с пользователем - обработка GET_REGISTER_SUCCESS 1`] = `"Регистрация завершена"`;

exports[`Работа с пользователем - обработка GET_RESET_FAILED 1`] = `"Обновление пароля ошибка"`;

exports[`Работа с пользователем - обработка GET_RESET_REQUEST 1`] = `"Обновление пароля запрос"`;

exports[`Работа с пользователем - обработка GET_RESET_SUCCESS 1`] = `"Обновление пароля успешно"`;

exports[`Работа с пользователем - обработка GET_TOKEN_FAILED 1`] = `"Получение токена ошибка"`;

exports[`Работа с пользователем - обработка GET_TOKEN_REQUEST 1`] = `"Получение токена запрос"`;

exports[`Работа с пользователем - обработка GET_TOKEN_SUCCESS 1`] = `"Получение токена завершено"`;

exports[`Работа с пользователем - обработка GET_UPDATEUSER_FAILED 1`] = `"Обновление информации ошибка"`;

exports[`Работа с пользователем - обработка GET_UPDATEUSER_REQUEST 1`] = `"Обновление информации запрос"`;

exports[`Работа с пользователем - обработка GET_UPDATEUSER_SUCCESS 1`] = `"Обновление информации завершено"`;

exports[`Работа с пользователем - обработка GET_USERINFO_FAILED 1`] = `"Получение информации ошибка"`;

exports[`Работа с пользователем - обработка GET_USERINFO_REQUEST 1`] = `"Получение информации запрос"`;

exports[`Работа с пользователем - обработка GET_USERINFO_SUCCESS 1`] = `"Получение информации завершено"`;

exports[`Работа с пользователем - обработка SET_FORGOT_EMAIL 1`] = `"Запоминание email"`;
